<?php return array (
  0 => 'Symfony\\Bundle\\FrameworkBundle\\Controller\\AbstractController',
  1 => 'App\\Controller\\CartController',
  2 => 'App\\Controller\\CategorieController',
  3 => 'App\\Controller\\ContactController',
  4 => 'App\\Controller\\HomeController',
  5 => 'App\\Controller\\LookupController',
  6 => 'App\\Controller\\MentionsLegalesController',
  7 => 'App\\Controller\\MusiqueController',
  8 => 'App\\Controller\\MyController',
  9 => 'App\\Controller\\ParoleController',
  10 => 'App\\Controller\\ProduitsController',
  11 => 'App\\Controller\\ProfilController',
  12 => 'App\\Controller\\RegistrationController',
  13 => 'App\\Controller\\SecurityController',
  14 => 'App\\Controller\\StripeController',
  15 => 'App\\Controller\\UserController',
  16 => 'App\\Entity\\Categorie',
  17 => 'App\\Entity\\Paroles',
  18 => 'App\\Entity\\Produits',
  19 => 'App\\Entity\\User',
  20 => 'Doctrine\\Bundle\\DoctrineBundle\\Controller\\ProfilerController',
  21 => 'Doctrine\\ORM\\Cache\\Persister\\Entity\\AbstractEntityPersister',
  22 => 'Doctrine\\ORM\\Cache\\Persister\\Entity\\CachedEntityPersister',
  23 => 'Doctrine\\ORM\\Cache\\Persister\\Entity\\NonStrictReadWriteCachedEntityPersister',
  24 => 'Doctrine\\ORM\\Cache\\Persister\\Entity\\ReadOnlyCachedEntityPersister',
  25 => 'Doctrine\\ORM\\Cache\\Persister\\Entity\\ReadWriteCachedEntityPersister',
  26 => 'Doctrine\\ORM\\Persisters\\Entity\\AbstractEntityInheritancePersister',
  27 => 'Doctrine\\ORM\\Persisters\\Entity\\BasicEntityPersister',
  28 => 'Doctrine\\ORM\\Persisters\\Entity\\CachedPersisterContext',
  29 => 'Doctrine\\ORM\\Persisters\\Entity\\EntityPersister',
  30 => 'Doctrine\\ORM\\Persisters\\Entity\\JoinedSubclassPersister',
  31 => 'Doctrine\\ORM\\Persisters\\Entity\\SingleTablePersister',
  32 => 'SymfonyCasts\\Bundle\\ResetPassword\\Controller\\ResetPasswordControllerTrait',
  34 => 'Symfony\\Bundle\\FrameworkBundle\\Controller\\ControllerResolver',
  35 => 'Symfony\\Bundle\\FrameworkBundle\\Controller\\RedirectController',
  36 => 'Symfony\\Bundle\\FrameworkBundle\\Controller\\TemplateController',
  37 => 'Symfony\\Bundle\\WebProfilerBundle\\Controller\\ExceptionPanelController',
  38 => 'Symfony\\Bundle\\WebProfilerBundle\\Controller\\ProfilerController',
  39 => 'Symfony\\Bundle\\WebProfilerBundle\\Controller\\RouterController',
  40 => 'Symfony\\Component\\HttpKernel\\Controller\\ArgumentResolver',
  41 => 'Symfony\\Component\\HttpKernel\\Controller\\ArgumentResolverInterface',
  42 => 'Symfony\\Component\\HttpKernel\\Controller\\ArgumentResolver\\BackedEnumValueResolver',
  43 => 'Symfony\\Component\\HttpKernel\\Controller\\ArgumentResolver\\DateTimeValueResolver',
  44 => 'Symfony\\Component\\HttpKernel\\Controller\\ArgumentResolver\\DefaultValueResolver',
  45 => 'Symfony\\Component\\HttpKernel\\Controller\\ArgumentResolver\\NotTaggedControllerValueResolver',
  46 => 'Symfony\\Component\\HttpKernel\\Controller\\ArgumentResolver\\RequestAttributeValueResolver',
  47 => 'Symfony\\Component\\HttpKernel\\Controller\\ArgumentResolver\\RequestValueResolver',
  48 => 'Symfony\\Component\\HttpKernel\\Controller\\ArgumentResolver\\ServiceValueResolver',
  49 => 'Symfony\\Component\\HttpKernel\\Controller\\ArgumentResolver\\SessionValueResolver',
  50 => 'Symfony\\Component\\HttpKernel\\Controller\\ArgumentResolver\\TraceableValueResolver',
  51 => 'Symfony\\Component\\HttpKernel\\Controller\\ArgumentResolver\\UidValueResolver',
  52 => 'Symfony\\Component\\HttpKernel\\Controller\\ArgumentResolver\\VariadicValueResolver',
  53 => 'Symfony\\Component\\HttpKernel\\Controller\\ArgumentValueResolverInterface',
  54 => 'Symfony\\Component\\HttpKernel\\Controller\\ContainerControllerResolver',
  55 => 'Symfony\\Component\\HttpKernel\\Controller\\ControllerReference',
  56 => 'Symfony\\Component\\HttpKernel\\Controller\\ControllerResolver',
  57 => 'Symfony\\Component\\HttpKernel\\Controller\\ControllerResolverInterface',
  58 => 'Symfony\\Component\\HttpKernel\\Controller\\ErrorController',
  59 => 'Symfony\\Component\\HttpKernel\\Controller\\TraceableArgumentResolver',
  60 => 'Symfony\\Component\\HttpKernel\\Controller\\TraceableControllerResolver',
  61 => 'Symfony\\Component\\Security\\Http\\Controller\\UserValueResolver',
);